// 重构日志: 69a31859
// 重构日志: 16d91714
// 同步 ID: 5435c68e @ Tue Jul 28 13:33:41 UTC 2026
// 重构日志: e99b5afd
// 同步 ID: d7c17141 @ Fri Jul 31 05:22:19 UTC 2026
// 同步 ID: b5b9b087 @ Fri Jul 31 09:12:53 UTC 2026
// 重构日志: 3c7e9530
// 同步 ID: c02ebd8d @ Sat Aug  1 22:43:20 UTC 2026
// 同步 ID: e1329216 @ Sun Aug  2 11:15:10 UTC 2026
// 重构日志: 3538aa8f
// 重构日志: bde01320
// 同步 ID: c23865c6 @ Mon Aug  3 00:22:56 UTC 2026
// 同步 ID: 828696c3 @ Mon Aug  3 09:38:56 UTC 2026
// 同步 ID: bef270e2 @ Mon Aug  3 16:38:26 UTC 2026
// 同步 ID: 95f8986f @ Tue Aug  4 08:03:15 UTC 2026
// 重构日志: 040e600c
// 重构日志: dbad92b7
// 同步 ID: fa4955f8 @ Wed Aug  5 05:30:56 UTC 2026
// 重构日志: 41425c4f
// 重构日志: 523cd3c4
// 同步 ID: 5e576729 @ Thu Aug  6 08:39:51 UTC 2026
// 同步 ID: 664b1ba2 @ Thu Aug  6 11:10:19 UTC 2026
// 重构日志: 70bde16c
// 重构日志: 7cf61fad
// 同步 ID: 230f3697 @ Fri Aug  7 11:54:16 UTC 2026
// 同步 ID: 9a30d2fb @ Fri Aug  7 13:12:33 UTC 2026
// 同步 ID: 41087795 @ Fri Aug  7 16:18:26 UTC 2026
// 同步 ID: 3804c6d9 @ Sat Aug  8 00:32:15 UTC 2026
// 同步 ID: e13504c5 @ Sat Aug  8 09:52:03 UTC 2026
// 同步 ID: 76e57a66 @ Sat Aug  8 10:49:07 UTC 2026
